//iniciamos git con el siguiente comando
PS C:\Users\StopCronos\Documents\Alura> git init
Initialized empty Git repository in C:/Users/StopCronos/Documents/Alura/.git/

//para saber si git ya está monitoreando nuestro archivo usamos el siguiente comando
PS C:\Users\StopCronos\Documents\Alura> git status

//si git aun no esta monitoreando nuestro archivo aparece lo siguiente
On branch master

No commits yet

Untracked files:
  (use "git add <file>..." to include in what will be committed)
        Git y Github Controle y Comparta su Codigo/
        "Logica de programaci\303\263n primeros pasos/"
        htmlCss parte 1 mi primera pagina web/

nothing added to commit but untracked files present (use "git add" to track)

//para agregar todos los archivos para que sean monitoreados usamos:
PS C:\Users\StopCronos\Documents\Alura> git add .

//si sale el siguiente mensaje, volvemos a repetir git add . y listo
warning: in the working copy of 'htmlCss parte 1 mi primera pagina web/reset.css', LF will be replaced by CRLF the next time Git touches it
PS C:\Users\StopCronos\Documents\Alura> git add .
//volvemos a correr el status y ahora nos indica que archivos se agregaron
//PS C:\Users\StopCronos\Documents\Alura> git status
On branch master

No commits yet

Changes to be committed:
  (use "git rm --cached <file>..." to unstage)
        new file:   Git y Github Controle y Comparta su Codigo/index.html

//para dejar de monitorear un archivo usamos git rm --cached <file>

//para crear un commit:(si saltará un mensaje diferente posiblemente hace falta  hacer login)
PS C:\Users\StopCronos\Documents\Alura> git commit -m 'se agrego una lista al index'
[master 5aa0335] se agrego una lista al index
 1 file changed, 3 insertions(+), 1 deletion(-)
 